// Jest Snapshot v1, https://goo.gl/fbAQLP

exports[`CollectionsDropdown renders correctly 1`] = `
Object {
  "asFragment": [Function],
  "baseElement": <body>
    <div>
      <div
        class="collectionsDropdown dropdown__menu--hidden"
      >
        <button
          class="dropdown__button"
        >
          all medium selected
        </button>
        <div
          class="dropdown__menu"
        >
          <div
            class="dropdown__error dropdown__error--visible"
          >
            You have to select at least one medium to search
          </div>
          <div
            class="collections"
          >
            <div
              class="colletions__errors"
            >
              TypeError: Cannot read property 'planetExpressCharts' of undefined
            </div>
          </div>
        </div>
      </div>
    </div>
  </body>,
  "container": <div>
    <div
      class="collectionsDropdown dropdown__menu--hidden"
    >
      <button
        class="dropdown__button"
      >
        all medium selected
      </button>
      <div
        class="dropdown__menu"
      >
        <div
          class="dropdown__error dropdown__error--visible"
        >
          You have to select at least one medium to search
        </div>
        <div
          class="collections"
        >
          <div
            class="colletions__errors"
          >
            TypeError: Cannot read property 'planetExpressCharts' of undefined
          </div>
        </div>
      </div>
    </div>
  </div>,
  "debug": [Function],
  "findAllByAltText": [Function],
  "findAllByDisplayValue": [Function],
  "findAllByLabelText": [Function],
  "findAllByPlaceholderText": [Function],
  "findAllByRole": [Function],
  "findAllByTestId": [Function],
  "findAllByText": [Function],
  "findAllByTitle": [Function],
  "findByAltText": [Function],
  "findByDisplayValue": [Function],
  "findByLabelText": [Function],
  "findByPlaceholderText": [Function],
  "findByRole": [Function],
  "findByTestId": [Function],
  "findByText": [Function],
  "findByTitle": [Function],
  "getAllByAltText": [Function],
  "getAllByDisplayValue": [Function],
  "getAllByLabelText": [Function],
  "getAllByPlaceholderText": [Function],
  "getAllByRole": [Function],
  "getAllByTestId": [Function],
  "getAllByText": [Function],
  "getAllByTitle": [Function],
  "getByAltText": [Function],
  "getByDisplayValue": [Function],
  "getByLabelText": [Function],
  "getByPlaceholderText": [Function],
  "getByRole": [Function],
  "getByTestId": [Function],
  "getByText": [Function],
  "getByTitle": [Function],
  "queryAllByAltText": [Function],
  "queryAllByDisplayValue": [Function],
  "queryAllByLabelText": [Function],
  "queryAllByPlaceholderText": [Function],
  "queryAllByRole": [Function],
  "queryAllByTestId": [Function],
  "queryAllByText": [Function],
  "queryAllByTitle": [Function],
  "queryByAltText": [Function],
  "queryByDisplayValue": [Function],
  "queryByLabelText": [Function],
  "queryByPlaceholderText": [Function],
  "queryByRole": [Function],
  "queryByTestId": [Function],
  "queryByText": [Function],
  "queryByTitle": [Function],
  "rerender": [Function],
  "unmount": [Function],
}
`;
