// Jest Snapshot v1, https://goo.gl/fbAQLP

exports[`Footer renders correctly 1`] = `
Object {
  "asFragment": [Function],
  "baseElement": <body>
    <div>
      <footer
        class="styled__Footer-sc-1fwt48x-0 bBFSxL"
      >
        <ul
          class="styled__Navigation-sc-1fwt48x-1 kvXOAi"
        >
          <li>
            <a
              href="/about"
            >
              about the project
            </a>
          </li>
          <li>
            <a
              href="/team"
            >
              about the team
            </a>
          </li>
        </ul>
        <div
          class="styled__License-sc-1fwt48x-2 kXCNav"
        >
          this project is under a
           
          <a
            href="https://www.gnu.org/licenses/gpl-3.0.en.html"
            rel="license external noopener noreferrer"
            title="GNU General Public License v3.0"
          >
            GNU General Public License v3.0
          </a>
           
          license
        </div>
      </footer>
    </div>
  </body>,
  "container": <div>
    <footer
      class="styled__Footer-sc-1fwt48x-0 bBFSxL"
    >
      <ul
        class="styled__Navigation-sc-1fwt48x-1 kvXOAi"
      >
        <li>
          <a
            href="/about"
          >
            about the project
          </a>
        </li>
        <li>
          <a
            href="/team"
          >
            about the team
          </a>
        </li>
      </ul>
      <div
        class="styled__License-sc-1fwt48x-2 kXCNav"
      >
        this project is under a
         
        <a
          href="https://www.gnu.org/licenses/gpl-3.0.en.html"
          rel="license external noopener noreferrer"
          title="GNU General Public License v3.0"
        >
          GNU General Public License v3.0
        </a>
         
        license
      </div>
    </footer>
  </div>,
  "debug": [Function],
  "findAllByAltText": [Function],
  "findAllByDisplayValue": [Function],
  "findAllByLabelText": [Function],
  "findAllByPlaceholderText": [Function],
  "findAllByRole": [Function],
  "findAllByTestId": [Function],
  "findAllByText": [Function],
  "findAllByTitle": [Function],
  "findByAltText": [Function],
  "findByDisplayValue": [Function],
  "findByLabelText": [Function],
  "findByPlaceholderText": [Function],
  "findByRole": [Function],
  "findByTestId": [Function],
  "findByText": [Function],
  "findByTitle": [Function],
  "getAllByAltText": [Function],
  "getAllByDisplayValue": [Function],
  "getAllByLabelText": [Function],
  "getAllByPlaceholderText": [Function],
  "getAllByRole": [Function],
  "getAllByTestId": [Function],
  "getAllByText": [Function],
  "getAllByTitle": [Function],
  "getByAltText": [Function],
  "getByDisplayValue": [Function],
  "getByLabelText": [Function],
  "getByPlaceholderText": [Function],
  "getByRole": [Function],
  "getByTestId": [Function],
  "getByText": [Function],
  "getByTitle": [Function],
  "queryAllByAltText": [Function],
  "queryAllByDisplayValue": [Function],
  "queryAllByLabelText": [Function],
  "queryAllByPlaceholderText": [Function],
  "queryAllByRole": [Function],
  "queryAllByTestId": [Function],
  "queryAllByText": [Function],
  "queryAllByTitle": [Function],
  "queryByAltText": [Function],
  "queryByDisplayValue": [Function],
  "queryByLabelText": [Function],
  "queryByPlaceholderText": [Function],
  "queryByRole": [Function],
  "queryByTestId": [Function],
  "queryByText": [Function],
  "queryByTitle": [Function],
  "rerender": [Function],
  "unmount": [Function],
}
`;
